--------------------------------------------------------------------------------
Release 14.7 Trace  (lin64)
Copyright (c) 1995-2013 Xilinx, Inc.  All rights reserved.

/opt/Xilinx/14.7/ISE_DS/ISE/bin/lin64/unwrapped/trce -intstyle ise -v 3 -s 3 -n
3 -fastpaths -xml alu.twx alu.ncd -o alu.twr alu.pcf

Design file:              alu.ncd
Physical constraint file: alu.pcf
Device,package,speed:     xc6slx45t,fgg484,C,-3 (PRODUCTION 1.23 2013-10-13)
Report level:             verbose report

Environment Variable      Effect 
--------------------      ------ 
NONE                      No environment variables were set
--------------------------------------------------------------------------------

INFO:Timing:2698 - No timing constraints found, doing default enumeration.
INFO:Timing:3412 - To improve timing, see the Timing Closure User Guide (UG612).
INFO:Timing:2752 - To get complete path coverage, use the unconstrained paths 
   option. All paths that are not constrained will be reported in the 
   unconstrained paths section(s) of the report.
INFO:Timing:3339 - The clock-to-out numbers in this timing report are based on 
   a 50 Ohm transmission line loading model.  For the details of this model, 
   and for more information on accounting for different loading conditions, 
   please see the device datasheet.



Data Sheet report:
-----------------
All values displayed in nanoseconds (ns)

Pad to Pad
---------------+---------------+---------+
Source Pad     |Destination Pad|  Delay  |
---------------+---------------+---------+
A<0>           |Out<0>         |    8.768|
A<0>           |Out<1>         |    9.401|
A<0>           |Out<2>         |    9.757|
A<0>           |Out<3>         |    9.757|
A<0>           |Out<4>         |    9.916|
A<0>           |Out<5>         |    9.958|
A<0>           |Out<6>         |    9.995|
A<0>           |Out<7>         |    9.981|
A<0>           |Out<8>         |    9.667|
A<0>           |Out<9>         |    9.822|
A<0>           |Out<10>        |    9.768|
A<0>           |Out<11>        |   10.066|
A<0>           |Out<12>        |   10.153|
A<0>           |Out<13>        |   10.247|
A<0>           |Out<14>        |   10.171|
A<0>           |Out<15>        |   10.203|
A<0>           |Out<16>        |   10.866|
A<0>           |Out<17>        |   10.434|
A<0>           |Out<18>        |    9.933|
A<0>           |Out<19>        |   10.139|
A<0>           |Out<20>        |   10.126|
A<0>           |Out<21>        |   10.193|
A<0>           |Out<22>        |   10.192|
A<0>           |Out<23>        |   10.137|
A<0>           |Out<24>        |   10.822|
A<0>           |Out<25>        |   10.534|
A<0>           |Out<26>        |   10.573|
A<0>           |Out<27>        |   10.555|
A<0>           |Out<28>        |   10.703|
A<0>           |Out<29>        |   10.457|
A<0>           |Out<30>        |   11.712|
A<0>           |Out<31>        |   11.169|
A<1>           |Out<0>         |    8.283|
A<1>           |Out<1>         |    9.415|
A<1>           |Out<2>         |    9.816|
A<1>           |Out<3>         |    9.822|
A<1>           |Out<4>         |    9.974|
A<1>           |Out<5>         |   10.016|
A<1>           |Out<6>         |   10.053|
A<1>           |Out<7>         |   10.039|
A<1>           |Out<8>         |    9.725|
A<1>           |Out<9>         |    9.880|
A<1>           |Out<10>        |    9.826|
A<1>           |Out<11>        |   10.124|
A<1>           |Out<12>        |   10.211|
A<1>           |Out<13>        |   10.305|
A<1>           |Out<14>        |   10.229|
A<1>           |Out<15>        |   10.261|
A<1>           |Out<16>        |   10.924|
A<1>           |Out<17>        |   10.492|
A<1>           |Out<18>        |    9.998|
A<1>           |Out<19>        |   10.197|
A<1>           |Out<20>        |   10.184|
A<1>           |Out<21>        |   10.258|
A<1>           |Out<22>        |   10.257|
A<1>           |Out<23>        |   10.202|
A<1>           |Out<24>        |   10.887|
A<1>           |Out<25>        |   10.592|
A<1>           |Out<26>        |   10.631|
A<1>           |Out<27>        |   10.613|
A<1>           |Out<28>        |   10.768|
A<1>           |Out<29>        |   10.522|
A<1>           |Out<30>        |   11.777|
A<1>           |Out<31>        |   11.227|
A<2>           |Out<1>         |    7.664|
A<2>           |Out<2>         |    9.331|
A<2>           |Out<3>         |    9.333|
A<2>           |Out<4>         |    9.531|
A<2>           |Out<5>         |    9.573|
A<2>           |Out<6>         |    9.610|
A<2>           |Out<7>         |    9.621|
A<2>           |Out<8>         |    9.328|
A<2>           |Out<9>         |    9.515|
A<2>           |Out<10>        |    9.383|
A<2>           |Out<11>        |    9.681|
A<2>           |Out<12>        |    9.768|
A<2>           |Out<13>        |    9.862|
A<2>           |Out<14>        |    9.786|
A<2>           |Out<15>        |    9.818|
A<2>           |Out<16>        |   10.481|
A<2>           |Out<17>        |   10.049|
A<2>           |Out<18>        |    9.697|
A<2>           |Out<19>        |    9.843|
A<2>           |Out<20>        |    9.741|
A<2>           |Out<21>        |    9.957|
A<2>           |Out<22>        |    9.956|
A<2>           |Out<23>        |    9.901|
A<2>           |Out<24>        |   10.586|
A<2>           |Out<25>        |   10.149|
A<2>           |Out<26>        |   10.188|
A<2>           |Out<27>        |   10.170|
A<2>           |Out<28>        |   10.467|
A<2>           |Out<29>        |   10.221|
A<2>           |Out<30>        |   11.476|
A<2>           |Out<31>        |   10.784|
A<3>           |Out<2>         |    8.119|
A<3>           |Out<3>         |    9.502|
A<3>           |Out<4>         |    9.702|
A<3>           |Out<5>         |    9.744|
A<3>           |Out<6>         |    9.781|
A<3>           |Out<7>         |    9.767|
A<3>           |Out<8>         |    9.453|
A<3>           |Out<9>         |    9.608|
A<3>           |Out<10>        |    9.554|
A<3>           |Out<11>        |    9.852|
A<3>           |Out<12>        |    9.939|
A<3>           |Out<13>        |   10.033|
A<3>           |Out<14>        |    9.957|
A<3>           |Out<15>        |    9.989|
A<3>           |Out<16>        |   10.652|
A<3>           |Out<17>        |   10.220|
A<3>           |Out<18>        |    9.733|
A<3>           |Out<19>        |    9.925|
A<3>           |Out<20>        |    9.912|
A<3>           |Out<21>        |    9.993|
A<3>           |Out<22>        |    9.992|
A<3>           |Out<23>        |    9.937|
A<3>           |Out<24>        |   10.622|
A<3>           |Out<25>        |   10.320|
A<3>           |Out<26>        |   10.359|
A<3>           |Out<27>        |   10.341|
A<3>           |Out<28>        |   10.503|
A<3>           |Out<29>        |   10.257|
A<3>           |Out<30>        |   11.512|
A<3>           |Out<31>        |   10.955|
A<4>           |Out<3>         |    8.509|
A<4>           |Out<4>         |    9.422|
A<4>           |Out<5>         |    9.436|
A<4>           |Out<6>         |    9.562|
A<4>           |Out<7>         |    9.663|
A<4>           |Out<8>         |    9.418|
A<4>           |Out<9>         |    9.605|
A<4>           |Out<10>        |    9.393|
A<4>           |Out<11>        |    9.733|
A<4>           |Out<12>        |    9.778|
A<4>           |Out<13>        |    9.872|
A<4>           |Out<14>        |    9.814|
A<4>           |Out<15>        |    9.892|
A<4>           |Out<16>        |   10.491|
A<4>           |Out<17>        |   10.107|
A<4>           |Out<18>        |    9.787|
A<4>           |Out<19>        |    9.933|
A<4>           |Out<20>        |    9.751|
A<4>           |Out<21>        |   10.047|
A<4>           |Out<22>        |   10.046|
A<4>           |Out<23>        |    9.991|
A<4>           |Out<24>        |   10.676|
A<4>           |Out<25>        |   10.159|
A<4>           |Out<26>        |   10.198|
A<4>           |Out<27>        |   10.180|
A<4>           |Out<28>        |   10.557|
A<4>           |Out<29>        |   10.311|
A<4>           |Out<30>        |   11.566|
A<4>           |Out<31>        |   10.794|
A<5>           |Out<4>         |    8.537|
A<5>           |Out<5>         |    9.484|
A<5>           |Out<6>         |    9.655|
A<5>           |Out<7>         |    9.664|
A<5>           |Out<8>         |    9.384|
A<5>           |Out<9>         |    9.539|
A<5>           |Out<10>        |    9.485|
A<5>           |Out<11>        |    9.783|
A<5>           |Out<12>        |    9.870|
A<5>           |Out<13>        |    9.964|
A<5>           |Out<14>        |    9.888|
A<5>           |Out<15>        |    9.920|
A<5>           |Out<16>        |   10.583|
A<5>           |Out<17>        |   10.151|
A<5>           |Out<18>        |    9.651|
A<5>           |Out<19>        |    9.856|
A<5>           |Out<20>        |    9.843|
A<5>           |Out<21>        |    9.911|
A<5>           |Out<22>        |    9.910|
A<5>           |Out<23>        |    9.855|
A<5>           |Out<24>        |   10.540|
A<5>           |Out<25>        |   10.251|
A<5>           |Out<26>        |   10.290|
A<5>           |Out<27>        |   10.272|
A<5>           |Out<28>        |   10.421|
A<5>           |Out<29>        |   10.175|
A<5>           |Out<30>        |   11.430|
A<5>           |Out<31>        |   10.886|
A<6>           |Out<5>         |    8.859|
A<6>           |Out<6>         |   10.080|
A<6>           |Out<7>         |   10.085|
A<6>           |Out<8>         |    9.851|
A<6>           |Out<9>         |   10.006|
A<6>           |Out<10>        |    9.952|
A<6>           |Out<11>        |   10.250|
A<6>           |Out<12>        |   10.337|
A<6>           |Out<13>        |   10.431|
A<6>           |Out<14>        |   10.355|
A<6>           |Out<15>        |   10.387|
A<6>           |Out<16>        |   11.050|
A<6>           |Out<17>        |   10.618|
A<6>           |Out<18>        |    9.864|
A<6>           |Out<19>        |   10.323|
A<6>           |Out<20>        |   10.310|
A<6>           |Out<21>        |   10.335|
A<6>           |Out<22>        |   10.326|
A<6>           |Out<23>        |   10.068|
A<6>           |Out<24>        |   10.753|
A<6>           |Out<25>        |   10.718|
A<6>           |Out<26>        |   10.757|
A<6>           |Out<27>        |   10.739|
A<6>           |Out<28>        |   10.653|
A<6>           |Out<29>        |   10.456|
A<6>           |Out<30>        |   11.643|
A<6>           |Out<31>        |   11.353|
A<7>           |Out<6>         |    8.796|
A<7>           |Out<7>         |    9.664|
A<7>           |Out<8>         |    9.432|
A<7>           |Out<9>         |    9.587|
A<7>           |Out<10>        |    9.533|
A<7>           |Out<11>        |    9.831|
A<7>           |Out<12>        |    9.918|
A<7>           |Out<13>        |   10.012|
A<7>           |Out<14>        |    9.936|
A<7>           |Out<15>        |    9.968|
A<7>           |Out<16>        |   10.631|
A<7>           |Out<17>        |   10.199|
A<7>           |Out<18>        |    9.688|
A<7>           |Out<19>        |    9.904|
A<7>           |Out<20>        |    9.891|
A<7>           |Out<21>        |    9.948|
A<7>           |Out<22>        |    9.947|
A<7>           |Out<23>        |    9.892|
A<7>           |Out<24>        |   10.577|
A<7>           |Out<25>        |   10.299|
A<7>           |Out<26>        |   10.338|
A<7>           |Out<27>        |   10.320|
A<7>           |Out<28>        |   10.458|
A<7>           |Out<29>        |   10.212|
A<7>           |Out<30>        |   11.467|
A<7>           |Out<31>        |   10.934|
A<8>           |Out<7>         |    7.818|
A<8>           |Out<8>         |    9.817|
A<8>           |Out<9>         |    9.983|
A<8>           |Out<10>        |    9.843|
A<8>           |Out<11>        |   10.228|
A<8>           |Out<12>        |    9.931|
A<8>           |Out<13>        |   10.365|
A<8>           |Out<14>        |   10.348|
A<8>           |Out<15>        |   10.426|
A<8>           |Out<16>        |   10.644|
A<8>           |Out<17>        |   10.641|
A<8>           |Out<18>        |   10.321|
A<8>           |Out<19>        |   10.467|
A<8>           |Out<20>        |   10.217|
A<8>           |Out<21>        |   10.581|
A<8>           |Out<22>        |   10.580|
A<8>           |Out<23>        |   10.525|
A<8>           |Out<24>        |   11.210|
A<8>           |Out<25>        |   10.393|
A<8>           |Out<26>        |   10.426|
A<8>           |Out<27>        |   10.604|
A<8>           |Out<28>        |   11.091|
A<8>           |Out<29>        |   10.845|
A<8>           |Out<30>        |   12.100|
A<8>           |Out<31>        |   11.277|
A<9>           |Out<8>         |    8.132|
A<9>           |Out<9>         |    9.508|
A<9>           |Out<10>        |    9.588|
A<9>           |Out<11>        |    9.909|
A<9>           |Out<12>        |   10.030|
A<9>           |Out<13>        |   10.124|
A<9>           |Out<14>        |   10.048|
A<9>           |Out<15>        |   10.080|
A<9>           |Out<16>        |   10.743|
A<9>           |Out<17>        |   10.311|
A<9>           |Out<18>        |    9.662|
A<9>           |Out<19>        |   10.016|
A<9>           |Out<20>        |   10.003|
A<9>           |Out<21>        |   10.028|
A<9>           |Out<22>        |   10.019|
A<9>           |Out<23>        |    9.866|
A<9>           |Out<24>        |   10.551|
A<9>           |Out<25>        |   10.411|
A<9>           |Out<26>        |   10.450|
A<9>           |Out<27>        |   10.432|
A<9>           |Out<28>        |   10.432|
A<9>           |Out<29>        |   10.186|
A<9>           |Out<30>        |   11.441|
A<9>           |Out<31>        |   11.046|
A<10>          |Out<9>         |    8.504|
A<10>          |Out<10>        |    9.412|
A<10>          |Out<11>        |    9.790|
A<10>          |Out<12>        |    9.609|
A<10>          |Out<13>        |    9.956|
A<10>          |Out<14>        |    9.939|
A<10>          |Out<15>        |   10.017|
A<10>          |Out<16>        |   10.322|
A<10>          |Out<17>        |   10.232|
A<10>          |Out<18>        |    9.912|
A<10>          |Out<19>        |   10.058|
A<10>          |Out<20>        |    9.808|
A<10>          |Out<21>        |   10.172|
A<10>          |Out<22>        |   10.171|
A<10>          |Out<23>        |   10.116|
A<10>          |Out<24>        |   10.801|
A<10>          |Out<25>        |    9.990|
A<10>          |Out<26>        |   10.029|
A<10>          |Out<27>        |   10.195|
A<10>          |Out<28>        |   10.682|
A<10>          |Out<29>        |   10.436|
A<10>          |Out<30>        |   11.691|
A<10>          |Out<31>        |   10.868|
A<11>          |Out<10>        |    8.288|
A<11>          |Out<11>        |    9.388|
A<11>          |Out<12>        |    9.557|
A<11>          |Out<13>        |    9.651|
A<11>          |Out<14>        |    9.575|
A<11>          |Out<15>        |    9.607|
A<11>          |Out<16>        |   10.270|
A<11>          |Out<17>        |    9.838|
A<11>          |Out<18>        |    9.230|
A<11>          |Out<19>        |    9.543|
A<11>          |Out<20>        |    9.530|
A<11>          |Out<21>        |    9.555|
A<11>          |Out<22>        |    9.546|
A<11>          |Out<23>        |    9.434|
A<11>          |Out<24>        |   10.119|
A<11>          |Out<25>        |    9.938|
A<11>          |Out<26>        |    9.977|
A<11>          |Out<27>        |    9.959|
A<11>          |Out<28>        |   10.000|
A<11>          |Out<29>        |    9.754|
A<11>          |Out<30>        |   11.009|
A<11>          |Out<31>        |   10.573|
A<12>          |Out<11>        |    8.571|
A<12>          |Out<12>        |    9.899|
A<12>          |Out<13>        |    9.965|
A<12>          |Out<14>        |    9.978|
A<12>          |Out<15>        |   10.027|
A<12>          |Out<16>        |   10.731|
A<12>          |Out<17>        |   10.299|
A<12>          |Out<18>        |    9.497|
A<12>          |Out<19>        |   10.004|
A<12>          |Out<20>        |    9.991|
A<12>          |Out<21>        |   10.016|
A<12>          |Out<22>        |   10.007|
A<12>          |Out<23>        |    9.488|
A<12>          |Out<24>        |   10.256|
A<12>          |Out<25>        |   10.399|
A<12>          |Out<26>        |   10.438|
A<12>          |Out<27>        |   10.420|
A<12>          |Out<28>        |   10.334|
A<12>          |Out<29>        |   10.137|
A<12>          |Out<30>        |   11.017|
A<12>          |Out<31>        |   11.034|
A<13>          |Out<12>        |    8.672|
A<13>          |Out<13>        |   10.197|
A<13>          |Out<14>        |   10.255|
A<13>          |Out<15>        |   10.310|
A<13>          |Out<16>        |   11.007|
A<13>          |Out<17>        |   10.575|
A<13>          |Out<18>        |    9.773|
A<13>          |Out<19>        |   10.280|
A<13>          |Out<20>        |   10.267|
A<13>          |Out<21>        |   10.292|
A<13>          |Out<22>        |   10.283|
A<13>          |Out<23>        |    9.764|
A<13>          |Out<24>        |   10.532|
A<13>          |Out<25>        |   10.675|
A<13>          |Out<26>        |   10.714|
A<13>          |Out<27>        |   10.696|
A<13>          |Out<28>        |   10.610|
A<13>          |Out<29>        |   10.413|
A<13>          |Out<30>        |   11.277|
A<13>          |Out<31>        |   11.310|
A<14>          |Out<13>        |    8.013|
A<14>          |Out<14>        |    9.743|
A<14>          |Out<15>        |    9.802|
A<14>          |Out<16>        |   10.431|
A<14>          |Out<17>        |   10.085|
A<14>          |Out<18>        |    9.765|
A<14>          |Out<19>        |    9.911|
A<14>          |Out<20>        |    9.691|
A<14>          |Out<21>        |   10.025|
A<14>          |Out<22>        |   10.024|
A<14>          |Out<23>        |    9.969|
A<14>          |Out<24>        |   10.654|
A<14>          |Out<25>        |   10.099|
A<14>          |Out<26>        |   10.138|
A<14>          |Out<27>        |   10.120|
A<14>          |Out<28>        |   10.535|
A<14>          |Out<29>        |   10.289|
A<14>          |Out<30>        |   11.544|
A<14>          |Out<31>        |   10.734|
A<15>          |Out<14>        |    8.154|
A<15>          |Out<15>        |    9.344|
A<15>          |Out<16>        |   10.167|
A<15>          |Out<17>        |    9.735|
A<15>          |Out<18>        |    9.258|
A<15>          |Out<19>        |    9.440|
A<15>          |Out<20>        |    9.427|
A<15>          |Out<21>        |    9.518|
A<15>          |Out<22>        |    9.517|
A<15>          |Out<23>        |    9.462|
A<15>          |Out<24>        |   10.147|
A<15>          |Out<25>        |    9.835|
A<15>          |Out<26>        |    9.874|
A<15>          |Out<27>        |    9.856|
A<15>          |Out<28>        |   10.028|
A<15>          |Out<29>        |    9.782|
A<15>          |Out<30>        |   11.037|
A<15>          |Out<31>        |   10.470|
A<16>          |Out<15>        |    9.097|
A<16>          |Out<16>        |   10.401|
A<16>          |Out<17>        |    9.941|
A<16>          |Out<18>        |    9.558|
A<16>          |Out<19>        |    9.752|
A<16>          |Out<20>        |    9.780|
A<16>          |Out<21>        |    9.845|
A<16>          |Out<22>        |    9.844|
A<16>          |Out<23>        |    9.789|
A<16>          |Out<24>        |   10.474|
A<16>          |Out<25>        |   10.188|
A<16>          |Out<26>        |   10.227|
A<16>          |Out<27>        |   10.209|
A<16>          |Out<28>        |   10.355|
A<16>          |Out<29>        |   10.109|
A<16>          |Out<30>        |   11.364|
A<16>          |Out<31>        |   10.823|
A<17>          |Out<16>        |    8.868|
A<17>          |Out<17>        |    9.835|
A<17>          |Out<18>        |    9.403|
A<17>          |Out<19>        |    9.737|
A<17>          |Out<20>        |    9.767|
A<17>          |Out<21>        |    9.792|
A<17>          |Out<22>        |    9.783|
A<17>          |Out<23>        |    9.607|
A<17>          |Out<24>        |   10.292|
A<17>          |Out<25>        |   10.175|
A<17>          |Out<26>        |   10.214|
A<17>          |Out<27>        |   10.196|
A<17>          |Out<28>        |   10.173|
A<17>          |Out<29>        |    9.927|
A<17>          |Out<30>        |   11.182|
A<17>          |Out<31>        |   10.810|
A<18>          |Out<17>        |    8.662|
A<18>          |Out<18>        |    9.345|
A<18>          |Out<19>        |    9.472|
A<18>          |Out<20>        |    9.497|
A<18>          |Out<21>        |    9.654|
A<18>          |Out<22>        |    9.653|
A<18>          |Out<23>        |    9.598|
A<18>          |Out<24>        |   10.283|
A<18>          |Out<25>        |    9.905|
A<18>          |Out<26>        |    9.944|
A<18>          |Out<27>        |    9.926|
A<18>          |Out<28>        |   10.164|
A<18>          |Out<29>        |    9.918|
A<18>          |Out<30>        |   11.173|
A<18>          |Out<31>        |   10.540|
A<19>          |Out<18>        |    8.003|
A<19>          |Out<19>        |    9.550|
A<19>          |Out<20>        |    9.415|
A<19>          |Out<21>        |    9.758|
A<19>          |Out<22>        |    9.757|
A<19>          |Out<23>        |    9.702|
A<19>          |Out<24>        |   10.387|
A<19>          |Out<25>        |    9.823|
A<19>          |Out<26>        |    9.862|
A<19>          |Out<27>        |    9.844|
A<19>          |Out<28>        |   10.268|
A<19>          |Out<29>        |   10.022|
A<19>          |Out<30>        |   11.277|
A<19>          |Out<31>        |   10.458|
A<20>          |Out<19>        |    8.422|
A<20>          |Out<20>        |   10.003|
A<20>          |Out<21>        |   10.346|
A<20>          |Out<22>        |   10.474|
A<20>          |Out<23>        |   10.407|
A<20>          |Out<24>        |   11.131|
A<20>          |Out<25>        |   10.374|
A<20>          |Out<26>        |   10.413|
A<20>          |Out<27>        |   10.525|
A<20>          |Out<28>        |   11.012|
A<20>          |Out<29>        |   10.766|
A<20>          |Out<30>        |   12.021|
A<20>          |Out<31>        |   11.198|
A<21>          |Out<20>        |    8.949|
A<21>          |Out<21>        |    9.926|
A<21>          |Out<22>        |   10.051|
A<21>          |Out<23>        |    9.749|
A<21>          |Out<24>        |   10.444|
A<21>          |Out<25>        |   10.500|
A<21>          |Out<26>        |   10.539|
A<21>          |Out<27>        |   10.521|
A<21>          |Out<28>        |   10.435|
A<21>          |Out<29>        |   10.238|
A<21>          |Out<30>        |   11.334|
A<21>          |Out<31>        |   11.135|
A<22>          |Out<21>        |    8.767|
A<22>          |Out<22>        |    9.754|
A<22>          |Out<23>        |    9.680|
A<22>          |Out<24>        |   10.433|
A<22>          |Out<25>        |    9.995|
A<22>          |Out<26>        |   10.034|
A<22>          |Out<27>        |   10.016|
A<22>          |Out<28>        |   10.314|
A<22>          |Out<29>        |   10.068|
A<22>          |Out<30>        |   11.323|
A<22>          |Out<31>        |   10.630|
A<23>          |Out<22>        |    8.441|
A<23>          |Out<23>        |    9.396|
A<23>          |Out<24>        |   10.175|
A<23>          |Out<25>        |    9.664|
A<23>          |Out<26>        |    9.703|
A<23>          |Out<27>        |    9.685|
A<23>          |Out<28>        |   10.056|
A<23>          |Out<29>        |    9.810|
A<23>          |Out<30>        |   11.065|
A<23>          |Out<31>        |   10.299|
A<24>          |Out<23>        |    8.307|
A<24>          |Out<24>        |   10.668|
A<24>          |Out<25>        |   10.073|
A<24>          |Out<26>        |   10.201|
A<24>          |Out<27>        |   10.200|
A<24>          |Out<28>        |   10.684|
A<24>          |Out<29>        |   10.438|
A<24>          |Out<30>        |   11.693|
A<24>          |Out<31>        |   10.870|
A<25>          |Out<24>        |    8.560|
A<25>          |Out<25>        |   10.143|
A<25>          |Out<26>        |   10.316|
A<25>          |Out<27>        |   10.321|
A<25>          |Out<28>        |   10.675|
A<25>          |Out<29>        |   10.429|
A<25>          |Out<30>        |   11.684|
A<25>          |Out<31>        |   10.969|
A<26>          |Out<25>        |    9.392|
A<26>          |Out<26>        |   10.421|
A<26>          |Out<27>        |   10.422|
A<26>          |Out<28>        |   10.642|
A<26>          |Out<29>        |   10.396|
A<26>          |Out<30>        |   11.651|
A<26>          |Out<31>        |   11.116|
A<27>          |Out<26>        |    9.373|
A<27>          |Out<27>        |   10.059|
A<27>          |Out<28>        |   10.524|
A<27>          |Out<29>        |   10.327|
A<27>          |Out<30>        |   11.517|
A<27>          |Out<31>        |   11.224|
A<28>          |Out<27>        |    8.648|
A<28>          |Out<28>        |   10.979|
A<28>          |Out<29>        |   10.712|
A<28>          |Out<30>        |   12.096|
A<28>          |Out<31>        |   11.455|
A<29>          |Out<28>        |    9.563|
A<29>          |Out<29>        |   10.470|
A<29>          |Out<30>        |   11.906|
A<29>          |Out<31>        |   11.087|
A<30>          |Out<29>        |    8.916|
A<30>          |Out<30>        |   12.074|
A<30>          |Out<31>        |   11.240|
A<31>          |Out<0>         |    7.696|
A<31>          |Out<30>        |   10.641|
A<31>          |Out<31>        |   11.015|
B<0>           |Out<0>         |   10.260|
B<0>           |Out<1>         |   10.893|
B<0>           |Out<2>         |   11.249|
B<0>           |Out<3>         |   11.249|
B<0>           |Out<4>         |   11.408|
B<0>           |Out<5>         |   11.450|
B<0>           |Out<6>         |   11.487|
B<0>           |Out<7>         |   11.473|
B<0>           |Out<8>         |   11.159|
B<0>           |Out<9>         |   11.314|
B<0>           |Out<10>        |   11.260|
B<0>           |Out<11>        |   11.558|
B<0>           |Out<12>        |   11.645|
B<0>           |Out<13>        |   11.739|
B<0>           |Out<14>        |   11.663|
B<0>           |Out<15>        |   11.695|
B<0>           |Out<16>        |   12.358|
B<0>           |Out<17>        |   11.926|
B<0>           |Out<18>        |   11.402|
B<0>           |Out<19>        |   11.631|
B<0>           |Out<20>        |   11.618|
B<0>           |Out<21>        |   11.662|
B<0>           |Out<22>        |   11.661|
B<0>           |Out<23>        |   11.606|
B<0>           |Out<24>        |   12.291|
B<0>           |Out<25>        |   12.026|
B<0>           |Out<26>        |   12.065|
B<0>           |Out<27>        |   12.047|
B<0>           |Out<28>        |   12.172|
B<0>           |Out<29>        |   11.926|
B<0>           |Out<30>        |   13.181|
B<0>           |Out<31>        |   12.661|
B<1>           |Out<1>         |   11.757|
B<1>           |Out<2>         |   12.158|
B<1>           |Out<3>         |   12.164|
B<1>           |Out<4>         |   12.316|
B<1>           |Out<5>         |   12.358|
B<1>           |Out<6>         |   12.395|
B<1>           |Out<7>         |   12.381|
B<1>           |Out<8>         |   12.067|
B<1>           |Out<9>         |   12.222|
B<1>           |Out<10>        |   12.168|
B<1>           |Out<11>        |   12.466|
B<1>           |Out<12>        |   12.553|
B<1>           |Out<13>        |   12.647|
B<1>           |Out<14>        |   12.571|
B<1>           |Out<15>        |   12.603|
B<1>           |Out<16>        |   13.266|
B<1>           |Out<17>        |   12.834|
B<1>           |Out<18>        |   12.214|
B<1>           |Out<19>        |   12.539|
B<1>           |Out<20>        |   12.526|
B<1>           |Out<21>        |   12.551|
B<1>           |Out<22>        |   12.542|
B<1>           |Out<23>        |   12.418|
B<1>           |Out<24>        |   13.103|
B<1>           |Out<25>        |   12.934|
B<1>           |Out<26>        |   12.973|
B<1>           |Out<27>        |   12.955|
B<1>           |Out<28>        |   12.984|
B<1>           |Out<29>        |   12.738|
B<1>           |Out<30>        |   13.993|
B<1>           |Out<31>        |   13.569|
B<2>           |Out<2>         |   10.837|
B<2>           |Out<3>         |   10.839|
B<2>           |Out<4>         |   11.037|
B<2>           |Out<5>         |   11.079|
B<2>           |Out<6>         |   11.116|
B<2>           |Out<7>         |   11.102|
B<2>           |Out<8>         |   10.788|
B<2>           |Out<9>         |   10.943|
B<2>           |Out<10>        |   10.889|
B<2>           |Out<11>        |   11.187|
B<2>           |Out<12>        |   11.274|
B<2>           |Out<13>        |   11.368|
B<2>           |Out<14>        |   11.292|
B<2>           |Out<15>        |   11.324|
B<2>           |Out<16>        |   11.987|
B<2>           |Out<17>        |   11.555|
B<2>           |Out<18>        |   10.808|
B<2>           |Out<19>        |   11.260|
B<2>           |Out<20>        |   11.247|
B<2>           |Out<21>        |   11.272|
B<2>           |Out<22>        |   11.263|
B<2>           |Out<23>        |   11.012|
B<2>           |Out<24>        |   11.697|
B<2>           |Out<25>        |   11.655|
B<2>           |Out<26>        |   11.694|
B<2>           |Out<27>        |   11.676|
B<2>           |Out<28>        |   11.590|
B<2>           |Out<29>        |   11.393|
B<2>           |Out<30>        |   12.587|
B<2>           |Out<31>        |   12.290|
B<3>           |Out<3>         |   10.682|
B<3>           |Out<4>         |   10.882|
B<3>           |Out<5>         |   10.924|
B<3>           |Out<6>         |   10.961|
B<3>           |Out<7>         |   10.947|
B<3>           |Out<8>         |   10.633|
B<3>           |Out<9>         |   10.788|
B<3>           |Out<10>        |   10.734|
B<3>           |Out<11>        |   11.032|
B<3>           |Out<12>        |   11.119|
B<3>           |Out<13>        |   11.213|
B<3>           |Out<14>        |   11.137|
B<3>           |Out<15>        |   11.169|
B<3>           |Out<16>        |   11.832|
B<3>           |Out<17>        |   11.400|
B<3>           |Out<18>        |   10.914|
B<3>           |Out<19>        |   11.105|
B<3>           |Out<20>        |   11.092|
B<3>           |Out<21>        |   11.174|
B<3>           |Out<22>        |   11.173|
B<3>           |Out<23>        |   11.118|
B<3>           |Out<24>        |   11.803|
B<3>           |Out<25>        |   11.500|
B<3>           |Out<26>        |   11.539|
B<3>           |Out<27>        |   11.521|
B<3>           |Out<28>        |   11.684|
B<3>           |Out<29>        |   11.438|
B<3>           |Out<30>        |   12.693|
B<3>           |Out<31>        |   12.135|
B<4>           |Out<4>         |   11.404|
B<4>           |Out<5>         |   11.418|
B<4>           |Out<6>         |   11.544|
B<4>           |Out<7>         |   11.547|
B<4>           |Out<8>         |   11.274|
B<4>           |Out<9>         |   11.429|
B<4>           |Out<10>        |   11.375|
B<4>           |Out<11>        |   11.673|
B<4>           |Out<12>        |   11.760|
B<4>           |Out<13>        |   11.854|
B<4>           |Out<14>        |   11.778|
B<4>           |Out<15>        |   11.810|
B<4>           |Out<16>        |   12.473|
B<4>           |Out<17>        |   12.041|
B<4>           |Out<18>        |   11.341|
B<4>           |Out<19>        |   11.746|
B<4>           |Out<20>        |   11.733|
B<4>           |Out<21>        |   11.758|
B<4>           |Out<22>        |   11.749|
B<4>           |Out<23>        |   11.545|
B<4>           |Out<24>        |   12.230|
B<4>           |Out<25>        |   12.141|
B<4>           |Out<26>        |   12.180|
B<4>           |Out<27>        |   12.162|
B<4>           |Out<28>        |   12.111|
B<4>           |Out<29>        |   11.879|
B<4>           |Out<30>        |   13.120|
B<4>           |Out<31>        |   12.776|
B<5>           |Out<5>         |   11.430|
B<5>           |Out<6>         |   11.601|
B<5>           |Out<7>         |   11.610|
B<5>           |Out<8>         |   11.330|
B<5>           |Out<9>         |   11.485|
B<5>           |Out<10>        |   11.431|
B<5>           |Out<11>        |   11.729|
B<5>           |Out<12>        |   11.816|
B<5>           |Out<13>        |   11.910|
B<5>           |Out<14>        |   11.834|
B<5>           |Out<15>        |   11.866|
B<5>           |Out<16>        |   12.529|
B<5>           |Out<17>        |   12.097|
B<5>           |Out<18>        |   11.456|
B<5>           |Out<19>        |   11.802|
B<5>           |Out<20>        |   11.789|
B<5>           |Out<21>        |   11.814|
B<5>           |Out<22>        |   11.805|
B<5>           |Out<23>        |   11.660|
B<5>           |Out<24>        |   12.345|
B<5>           |Out<25>        |   12.197|
B<5>           |Out<26>        |   12.236|
B<5>           |Out<27>        |   12.218|
B<5>           |Out<28>        |   12.226|
B<5>           |Out<29>        |   11.980|
B<5>           |Out<30>        |   13.235|
B<5>           |Out<31>        |   12.832|
B<6>           |Out<6>         |   11.011|
B<6>           |Out<7>         |   11.016|
B<6>           |Out<8>         |   10.782|
B<6>           |Out<9>         |   10.937|
B<6>           |Out<10>        |   10.883|
B<6>           |Out<11>        |   11.181|
B<6>           |Out<12>        |   11.268|
B<6>           |Out<13>        |   11.362|
B<6>           |Out<14>        |   11.286|
B<6>           |Out<15>        |   11.318|
B<6>           |Out<16>        |   11.981|
B<6>           |Out<17>        |   11.549|
B<6>           |Out<18>        |   11.040|
B<6>           |Out<19>        |   11.254|
B<6>           |Out<20>        |   11.241|
B<6>           |Out<21>        |   11.300|
B<6>           |Out<22>        |   11.299|
B<6>           |Out<23>        |   11.244|
B<6>           |Out<24>        |   11.929|
B<6>           |Out<25>        |   11.649|
B<6>           |Out<26>        |   11.688|
B<6>           |Out<27>        |   11.670|
B<6>           |Out<28>        |   11.810|
B<6>           |Out<29>        |   11.564|
B<6>           |Out<30>        |   12.819|
B<6>           |Out<31>        |   12.284|
B<7>           |Out<7>         |   11.396|
B<7>           |Out<8>         |   11.164|
B<7>           |Out<9>         |   11.319|
B<7>           |Out<10>        |   11.265|
B<7>           |Out<11>        |   11.563|
B<7>           |Out<12>        |   11.650|
B<7>           |Out<13>        |   11.744|
B<7>           |Out<14>        |   11.668|
B<7>           |Out<15>        |   11.700|
B<7>           |Out<16>        |   12.363|
B<7>           |Out<17>        |   11.931|
B<7>           |Out<18>        |   11.211|
B<7>           |Out<19>        |   11.636|
B<7>           |Out<20>        |   11.623|
B<7>           |Out<21>        |   11.648|
B<7>           |Out<22>        |   11.639|
B<7>           |Out<23>        |   11.415|
B<7>           |Out<24>        |   12.100|
B<7>           |Out<25>        |   12.031|
B<7>           |Out<26>        |   12.070|
B<7>           |Out<27>        |   12.052|
B<7>           |Out<28>        |   11.981|
B<7>           |Out<29>        |   11.769|
B<7>           |Out<30>        |   12.990|
B<7>           |Out<31>        |   12.666|
B<8>           |Out<8>         |   10.507|
B<8>           |Out<9>         |   10.673|
B<8>           |Out<10>        |   10.632|
B<8>           |Out<11>        |   10.947|
B<8>           |Out<12>        |   11.075|
B<8>           |Out<13>        |   11.169|
B<8>           |Out<14>        |   11.093|
B<8>           |Out<15>        |   11.125|
B<8>           |Out<16>        |   11.788|
B<8>           |Out<17>        |   11.356|
B<8>           |Out<18>        |   11.011|
B<8>           |Out<19>        |   11.157|
B<8>           |Out<20>        |   11.048|
B<8>           |Out<21>        |   11.271|
B<8>           |Out<22>        |   11.270|
B<8>           |Out<23>        |   11.215|
B<8>           |Out<24>        |   11.900|
B<8>           |Out<25>        |   11.456|
B<8>           |Out<26>        |   11.495|
B<8>           |Out<27>        |   11.477|
B<8>           |Out<28>        |   11.781|
B<8>           |Out<29>        |   11.535|
B<8>           |Out<30>        |   12.790|
B<8>           |Out<31>        |   12.091|
B<9>           |Out<9>         |   10.344|
B<9>           |Out<10>        |   10.424|
B<9>           |Out<11>        |   10.745|
B<9>           |Out<12>        |   10.866|
B<9>           |Out<13>        |   10.960|
B<9>           |Out<14>        |   10.884|
B<9>           |Out<15>        |   10.916|
B<9>           |Out<16>        |   11.579|
B<9>           |Out<17>        |   11.147|
B<9>           |Out<18>        |   10.639|
B<9>           |Out<19>        |   10.852|
B<9>           |Out<20>        |   10.839|
B<9>           |Out<21>        |   10.899|
B<9>           |Out<22>        |   10.898|
B<9>           |Out<23>        |   10.843|
B<9>           |Out<24>        |   11.528|
B<9>           |Out<25>        |   11.247|
B<9>           |Out<26>        |   11.286|
B<9>           |Out<27>        |   11.268|
B<9>           |Out<28>        |   11.409|
B<9>           |Out<29>        |   11.163|
B<9>           |Out<30>        |   12.418|
B<9>           |Out<31>        |   11.882|
B<10>          |Out<10>        |   10.835|
B<10>          |Out<11>        |   11.152|
B<10>          |Out<12>        |   11.319|
B<10>          |Out<13>        |   11.413|
B<10>          |Out<14>        |   11.337|
B<10>          |Out<15>        |   11.369|
B<10>          |Out<16>        |   12.032|
B<10>          |Out<17>        |   11.600|
B<10>          |Out<18>        |   10.798|
B<10>          |Out<19>        |   11.305|
B<10>          |Out<20>        |   11.292|
B<10>          |Out<21>        |   11.317|
B<10>          |Out<22>        |   11.308|
B<10>          |Out<23>        |   10.789|
B<10>          |Out<24>        |   11.557|
B<10>          |Out<25>        |   11.700|
B<10>          |Out<26>        |   11.739|
B<10>          |Out<27>        |   11.721|
B<10>          |Out<28>        |   11.635|
B<10>          |Out<29>        |   11.438|
B<10>          |Out<30>        |   12.353|
B<10>          |Out<31>        |   12.335|
B<11>          |Out<11>        |   11.480|
B<11>          |Out<12>        |   11.649|
B<11>          |Out<13>        |   11.743|
B<11>          |Out<14>        |   11.667|
B<11>          |Out<15>        |   11.699|
B<11>          |Out<16>        |   12.362|
B<11>          |Out<17>        |   11.930|
B<11>          |Out<18>        |   11.128|
B<11>          |Out<19>        |   11.635|
B<11>          |Out<20>        |   11.622|
B<11>          |Out<21>        |   11.647|
B<11>          |Out<22>        |   11.638|
B<11>          |Out<23>        |   11.309|
B<11>          |Out<24>        |   11.994|
B<11>          |Out<25>        |   12.030|
B<11>          |Out<26>        |   12.069|
B<11>          |Out<27>        |   12.051|
B<11>          |Out<28>        |   11.965|
B<11>          |Out<29>        |   11.768|
B<11>          |Out<30>        |   12.884|
B<11>          |Out<31>        |   12.665|
B<12>          |Out<12>        |   10.833|
B<12>          |Out<13>        |   10.899|
B<12>          |Out<14>        |   10.912|
B<12>          |Out<15>        |   10.961|
B<12>          |Out<16>        |   11.665|
B<12>          |Out<17>        |   11.233|
B<12>          |Out<18>        |   10.707|
B<12>          |Out<19>        |   10.938|
B<12>          |Out<20>        |   10.925|
B<12>          |Out<21>        |   10.967|
B<12>          |Out<22>        |   10.966|
B<12>          |Out<23>        |   10.911|
B<12>          |Out<24>        |   11.596|
B<12>          |Out<25>        |   11.333|
B<12>          |Out<26>        |   11.372|
B<12>          |Out<27>        |   11.354|
B<12>          |Out<28>        |   11.477|
B<12>          |Out<29>        |   11.231|
B<12>          |Out<30>        |   12.486|
B<12>          |Out<31>        |   11.968|
B<13>          |Out<13>        |   10.322|
B<13>          |Out<14>        |   10.380|
B<13>          |Out<15>        |   10.435|
B<13>          |Out<16>        |   11.132|
B<13>          |Out<17>        |   10.700|
B<13>          |Out<18>        |   10.357|
B<13>          |Out<19>        |   10.503|
B<13>          |Out<20>        |   10.392|
B<13>          |Out<21>        |   10.617|
B<13>          |Out<22>        |   10.616|
B<13>          |Out<23>        |   10.561|
B<13>          |Out<24>        |   11.246|
B<13>          |Out<25>        |   10.800|
B<13>          |Out<26>        |   10.839|
B<13>          |Out<27>        |   10.821|
B<13>          |Out<28>        |   11.127|
B<13>          |Out<29>        |   10.881|
B<13>          |Out<30>        |   12.136|
B<13>          |Out<31>        |   11.435|
B<14>          |Out<14>        |   10.583|
B<14>          |Out<15>        |   10.634|
B<14>          |Out<16>        |   11.377|
B<14>          |Out<17>        |   10.945|
B<14>          |Out<18>        |   10.278|
B<14>          |Out<19>        |   10.650|
B<14>          |Out<20>        |   10.637|
B<14>          |Out<21>        |   10.662|
B<14>          |Out<22>        |   10.653|
B<14>          |Out<23>        |   10.482|
B<14>          |Out<24>        |   11.167|
B<14>          |Out<25>        |   11.045|
B<14>          |Out<26>        |   11.084|
B<14>          |Out<27>        |   11.066|
B<14>          |Out<28>        |   11.048|
B<14>          |Out<29>        |   10.802|
B<14>          |Out<30>        |   12.057|
B<14>          |Out<31>        |   11.680|
B<15>          |Out<15>        |   10.722|
B<15>          |Out<16>        |   10.985|
B<15>          |Out<17>        |   11.031|
B<15>          |Out<18>        |   10.711|
B<15>          |Out<19>        |   10.857|
B<15>          |Out<20>        |   10.607|
B<15>          |Out<21>        |   10.971|
B<15>          |Out<22>        |   10.970|
B<15>          |Out<23>        |   10.915|
B<15>          |Out<24>        |   11.600|
B<15>          |Out<25>        |   10.783|
B<15>          |Out<26>        |   10.816|
B<15>          |Out<27>        |   10.994|
B<15>          |Out<28>        |   11.481|
B<15>          |Out<29>        |   11.235|
B<15>          |Out<30>        |   12.490|
B<15>          |Out<31>        |   11.667|
B<16>          |Out<16>        |   11.450|
B<16>          |Out<17>        |   10.990|
B<16>          |Out<18>        |   10.629|
B<16>          |Out<19>        |   10.801|
B<16>          |Out<20>        |   10.829|
B<16>          |Out<21>        |   10.916|
B<16>          |Out<22>        |   10.915|
B<16>          |Out<23>        |   10.860|
B<16>          |Out<24>        |   11.545|
B<16>          |Out<25>        |   11.237|
B<16>          |Out<26>        |   11.276|
B<16>          |Out<27>        |   11.258|
B<16>          |Out<28>        |   11.426|
B<16>          |Out<29>        |   11.180|
B<16>          |Out<30>        |   12.435|
B<16>          |Out<31>        |   11.872|
B<17>          |Out<17>        |   11.357|
B<17>          |Out<18>        |   10.689|
B<17>          |Out<19>        |   11.219|
B<17>          |Out<20>        |   11.240|
B<17>          |Out<21>        |   11.265|
B<17>          |Out<22>        |   11.256|
B<17>          |Out<23>        |   10.737|
B<17>          |Out<24>        |   11.505|
B<17>          |Out<25>        |   11.648|
B<17>          |Out<26>        |   11.687|
B<17>          |Out<27>        |   11.669|
B<17>          |Out<28>        |   11.583|
B<17>          |Out<29>        |   11.386|
B<17>          |Out<30>        |   12.205|
B<17>          |Out<31>        |   12.283|
B<18>          |Out<18>        |   10.103|
B<18>          |Out<19>        |   10.629|
B<18>          |Out<20>        |   10.696|
B<18>          |Out<21>        |   10.721|
B<18>          |Out<22>        |   10.712|
B<18>          |Out<23>        |   10.214|
B<18>          |Out<24>        |   10.961|
B<18>          |Out<25>        |   11.104|
B<18>          |Out<26>        |   11.143|
B<18>          |Out<27>        |   11.125|
B<18>          |Out<28>        |   11.039|
B<18>          |Out<29>        |   10.842|
B<18>          |Out<30>        |   11.789|
B<18>          |Out<31>        |   11.739|
B<19>          |Out<19>        |   10.561|
B<19>          |Out<20>        |   10.630|
B<19>          |Out<21>        |   10.655|
B<19>          |Out<22>        |   10.646|
B<19>          |Out<23>        |   10.127|
B<19>          |Out<24>        |   10.895|
B<19>          |Out<25>        |   11.038|
B<19>          |Out<26>        |   11.077|
B<19>          |Out<27>        |   11.059|
B<19>          |Out<28>        |   10.973|
B<19>          |Out<29>        |   10.776|
B<19>          |Out<30>        |   11.679|
B<19>          |Out<31>        |   11.673|
B<20>          |Out<20>        |   10.393|
B<20>          |Out<21>        |   10.513|
B<20>          |Out<22>        |   10.641|
B<20>          |Out<23>        |   10.574|
B<20>          |Out<24>        |   11.298|
B<20>          |Out<25>        |   10.920|
B<20>          |Out<26>        |   10.959|
B<20>          |Out<27>        |   10.941|
B<20>          |Out<28>        |   11.179|
B<20>          |Out<29>        |   10.933|
B<20>          |Out<30>        |   12.188|
B<20>          |Out<31>        |   11.555|
B<21>          |Out<21>        |   10.273|
B<21>          |Out<22>        |   10.398|
B<21>          |Out<23>        |   10.296|
B<21>          |Out<24>        |   11.016|
B<21>          |Out<25>        |   10.847|
B<21>          |Out<26>        |   10.886|
B<21>          |Out<27>        |   10.868|
B<21>          |Out<28>        |   10.897|
B<21>          |Out<29>        |   10.651|
B<21>          |Out<30>        |   11.906|
B<21>          |Out<31>        |   11.482|
B<22>          |Out<22>        |   10.305|
B<22>          |Out<23>        |   10.231|
B<22>          |Out<24>        |   10.984|
B<22>          |Out<25>        |   10.444|
B<22>          |Out<26>        |   10.483|
B<22>          |Out<27>        |   10.465|
B<22>          |Out<28>        |   10.865|
B<22>          |Out<29>        |   10.619|
B<22>          |Out<30>        |   11.874|
B<22>          |Out<31>        |   11.079|
B<23>          |Out<23>        |   10.048|
B<23>          |Out<24>        |   10.827|
B<23>          |Out<25>        |   10.284|
B<23>          |Out<26>        |   10.323|
B<23>          |Out<27>        |   10.305|
B<23>          |Out<28>        |   10.708|
B<23>          |Out<29>        |   10.462|
B<23>          |Out<30>        |   11.717|
B<23>          |Out<31>        |   10.919|
B<24>          |Out<24>        |   10.821|
B<24>          |Out<25>        |   10.537|
B<24>          |Out<26>        |   10.665|
B<24>          |Out<27>        |   10.664|
B<24>          |Out<28>        |   10.837|
B<24>          |Out<29>        |   10.591|
B<24>          |Out<30>        |   11.846|
B<24>          |Out<31>        |   11.319|
B<25>          |Out<25>        |   10.115|
B<25>          |Out<26>        |   10.288|
B<25>          |Out<27>        |   10.293|
B<25>          |Out<28>        |   10.676|
B<25>          |Out<29>        |   10.430|
B<25>          |Out<30>        |   11.685|
B<25>          |Out<31>        |   10.941|
B<26>          |Out<26>        |   10.388|
B<26>          |Out<27>        |   10.547|
B<26>          |Out<28>        |   11.102|
B<26>          |Out<29>        |   10.856|
B<26>          |Out<30>        |   12.111|
B<26>          |Out<31>        |   11.288|
B<27>          |Out<27>        |   10.016|
B<27>          |Out<28>        |   10.092|
B<27>          |Out<29>        |    9.846|
B<27>          |Out<30>        |   11.101|
B<27>          |Out<31>        |   10.712|
B<28>          |Out<28>        |   10.638|
B<28>          |Out<29>        |   10.371|
B<28>          |Out<30>        |   11.755|
B<28>          |Out<31>        |   11.003|
B<29>          |Out<29>        |   10.121|
B<29>          |Out<30>        |   11.360|
B<29>          |Out<31>        |   11.175|
B<30>          |Out<30>        |   11.408|
B<30>          |Out<31>        |   10.753|
B<31>          |Out<31>        |   10.536|
Op<0>          |Out<0>         |   10.745|
Op<0>          |Out<1>         |   12.004|
Op<0>          |Out<2>         |   11.907|
Op<0>          |Out<3>         |   12.308|
Op<0>          |Out<4>         |   12.690|
Op<0>          |Out<5>         |   12.148|
Op<0>          |Out<6>         |   12.242|
Op<0>          |Out<7>         |   12.045|
Op<0>          |Out<8>         |   12.180|
Op<0>          |Out<9>         |   11.789|
Op<0>          |Out<10>        |   12.339|
Op<0>          |Out<11>        |   13.096|
Op<0>          |Out<12>        |   12.104|
Op<0>          |Out<13>        |   12.332|
Op<0>          |Out<14>        |   12.270|
Op<0>          |Out<15>        |   12.662|
Op<0>          |Out<16>        |   13.011|
Op<0>          |Out<17>        |   13.167|
Op<0>          |Out<18>        |   11.965|
Op<0>          |Out<19>        |   12.091|
Op<0>          |Out<20>        |   11.965|
Op<0>          |Out<21>        |   12.180|
Op<0>          |Out<22>        |   12.308|
Op<0>          |Out<23>        |   11.856|
Op<0>          |Out<24>        |   12.239|
Op<0>          |Out<25>        |   12.650|
Op<0>          |Out<26>        |   12.891|
Op<0>          |Out<27>        |   12.333|
Op<0>          |Out<28>        |   12.680|
Op<0>          |Out<29>        |   12.086|
Op<0>          |Out<30>        |   12.967|
Op<0>          |Out<31>        |   12.692|
Op<1>          |Out<0>         |   11.001|
Op<1>          |Out<1>         |   12.000|
Op<1>          |Out<2>         |   12.230|
Op<1>          |Out<3>         |   12.411|
Op<1>          |Out<4>         |   12.793|
Op<1>          |Out<5>         |   12.251|
Op<1>          |Out<6>         |   12.190|
Op<1>          |Out<7>         |   12.677|
Op<1>          |Out<8>         |   12.283|
Op<1>          |Out<9>         |   11.892|
Op<1>          |Out<10>        |   12.442|
Op<1>          |Out<11>        |   13.199|
Op<1>          |Out<12>        |   12.692|
Op<1>          |Out<13>        |   12.355|
Op<1>          |Out<14>        |   12.373|
Op<1>          |Out<15>        |   12.765|
Op<1>          |Out<16>        |   13.114|
Op<1>          |Out<17>        |   13.270|
Op<1>          |Out<18>        |   12.068|
Op<1>          |Out<19>        |   12.194|
Op<1>          |Out<20>        |   12.068|
Op<1>          |Out<21>        |   12.283|
Op<1>          |Out<22>        |   12.411|
Op<1>          |Out<23>        |   11.959|
Op<1>          |Out<24>        |   12.342|
Op<1>          |Out<25>        |   12.753|
Op<1>          |Out<26>        |   12.994|
Op<1>          |Out<27>        |   12.436|
Op<1>          |Out<28>        |   12.783|
Op<1>          |Out<29>        |   12.189|
Op<1>          |Out<30>        |   13.070|
Op<1>          |Out<31>        |   12.795|
Op<2>          |Out<0>         |   10.779|
Op<2>          |Out<1>         |   11.942|
Op<2>          |Out<2>         |   12.177|
Op<2>          |Out<3>         |   12.273|
Op<2>          |Out<4>         |   12.372|
Op<2>          |Out<5>         |   12.075|
Op<2>          |Out<6>         |   11.983|
Op<2>          |Out<7>         |   11.462|
Op<2>          |Out<8>         |   11.862|
Op<2>          |Out<9>         |   11.601|
Op<2>          |Out<10>        |   12.059|
Op<2>          |Out<11>        |   12.778|
Op<2>          |Out<12>        |   12.209|
Op<2>          |Out<13>        |   12.165|
Op<2>          |Out<14>        |   11.952|
Op<2>          |Out<15>        |   12.344|
Op<2>          |Out<16>        |   12.693|
Op<2>          |Out<17>        |   12.849|
Op<2>          |Out<18>        |   11.647|
Op<2>          |Out<19>        |   12.105|
Op<2>          |Out<20>        |   11.647|
Op<2>          |Out<21>        |   12.091|
Op<2>          |Out<22>        |   11.990|
Op<2>          |Out<23>        |   11.567|
Op<2>          |Out<24>        |   11.921|
Op<2>          |Out<25>        |   12.332|
Op<2>          |Out<26>        |   12.573|
Op<2>          |Out<27>        |   12.146|
Op<2>          |Out<28>        |   12.362|
Op<2>          |Out<29>        |   11.768|
Op<2>          |Out<30>        |   12.649|
Op<2>          |Out<31>        |   12.374|
Op<3>          |Out<0>         |   10.878|
Op<3>          |Out<1>         |   11.775|
Op<3>          |Out<2>         |   11.706|
Op<3>          |Out<3>         |   12.161|
Op<3>          |Out<4>         |   12.543|
Op<3>          |Out<5>         |   12.001|
Op<3>          |Out<6>         |   11.866|
Op<3>          |Out<7>         |   11.601|
Op<3>          |Out<8>         |   12.033|
Op<3>          |Out<9>         |   11.642|
Op<3>          |Out<10>        |   12.192|
Op<3>          |Out<11>        |   12.949|
Op<3>          |Out<12>        |   11.947|
Op<3>          |Out<13>        |   12.105|
Op<3>          |Out<14>        |   12.123|
Op<3>          |Out<15>        |   12.515|
Op<3>          |Out<16>        |   12.864|
Op<3>          |Out<17>        |   13.020|
Op<3>          |Out<18>        |   11.818|
Op<3>          |Out<19>        |   12.029|
Op<3>          |Out<20>        |   11.818|
Op<3>          |Out<21>        |   12.033|
Op<3>          |Out<22>        |   12.161|
Op<3>          |Out<23>        |   11.709|
Op<3>          |Out<24>        |   12.092|
Op<3>          |Out<25>        |   12.503|
Op<3>          |Out<26>        |   12.744|
Op<3>          |Out<27>        |   12.186|
Op<3>          |Out<28>        |   12.533|
Op<3>          |Out<29>        |   11.939|
Op<3>          |Out<30>        |   12.820|
Op<3>          |Out<31>        |   12.545|
---------------+---------------+---------+


Analysis completed Fri Dec 31 18:12:57 2021 
--------------------------------------------------------------------------------

Trace Settings:
-------------------------
Trace Settings 

Peak Memory Usage: 440 MB



